Flutter crash report.
Please report a bug at https://github.com/flutter/flutter/issues.

## command

flutter --no-color run --machine --track-widget-creation --device-id=00008130-001C481800E1401C --start-paused --dart-define=flutter.inspector.structuredErrors=true lib/main.dart

## exception

SocketException: SocketException: Send failed (OS Error: No route to host, errno = 65), address = 0.0.0.0, port = 5353

```
#0      _NativeSocket.send (dart:io-patch/socket_patch.dart:1275:34)
#1      _RawDatagramSocket.send (dart:io-patch/socket_patch.dart:2590:15)
#2      MDnsClient.lookup (package:multicast_dns/multicast_dns.dart:219:22)
#3      MDnsVmServiceDiscovery._pollingVmService (package:flutter_tools/src/mdns_discovery.dart:232:66)
<asynchronous suspension>
#4      MDnsVmServiceDiscovery.firstMatchingVmService (package:flutter_tools/src/mdns_discovery.dart:188:56)
<asynchronous suspension>
#5      MDnsVmServiceDiscovery.getVMServiceUriForLaunch (package:flutter_tools/src/mdns_discovery.dart:433:50)
<asynchronous suspension>
#6      Future.any.onValue (dart:async/future.dart:628:5)
<asynchronous suspension>
```

## flutter doctor

```
[✓] Flutter (Channel stable, 3.24.4, on macOS 15.1.1 24B91 darwin-arm64, locale en-RO)
    • Flutter version 3.24.4 on channel stable at /Users/mihaiprofiroiu/Documents/flutter
    • Upstream repository https://github.com/flutter/flutter.git
    • Framework revision 603104015d (3 months ago), 2024-10-24 08:01:25 -0700
    • Engine revision db49896cf2
    • Dart version 3.5.4
    • DevTools version 2.37.3

[!] Android toolchain - develop for Android devices (Android SDK version 35.0.0)
    • Android SDK at /Users/mihaiprofiroiu/Library/Android/sdk
    ✗ cmdline-tools component is missing
      Run `path/to/sdkmanager --install "cmdline-tools;latest"`
      See https://developer.android.com/studio/command-line for more details.
    ✗ Android license status unknown.
      Run `flutter doctor --android-licenses` to accept the SDK licenses.
      See https://flutter.dev/to/macos-android-setup for more details.

[✓] Xcode - develop for iOS and macOS (Xcode 16.1)
    • Xcode at /Applications/Xcode.app/Contents/Developer
    • Build 16B40
    • CocoaPods version 1.16.2

[✓] Chrome - develop for the web
    • Chrome at /Applications/Google Chrome.app/Contents/MacOS/Google Chrome

[✓] Android Studio (version 2024.1)
    • Android Studio at /Applications/Android Studio.app/Contents
    • Flutter plugin can be installed from:
      🔨 https://plugins.jetbrains.com/plugin/9212-flutter
    • Dart plugin can be installed from:
      🔨 https://plugins.jetbrains.com/plugin/6351-dart
    • Java version OpenJDK Runtime Environment (build 17.0.11+0-17.0.11b1207.24-11852314)

[✓] VS Code (version 1.92.2)
    • VS Code at /Users/mihaiprofiroiu/Downloads/Visual Studio Code.app/Contents
    • Flutter extension version 3.102.0

[✓] Connected device (5 available)
    • iPhone (mobile)                 • 00008130-001C481800E1401C            • ios            • iOS 18.1.1 22B91
    • iPhone 16 Plus (mobile)         • AAC1696B-5731-42B1-A1C4-0053978FAB25 • ios            • com.apple.CoreSimulator.SimRuntime.iOS-18-1 (simulator)
    • macOS (desktop)                 • macos                                • darwin-arm64   • macOS 15.1.1 24B91 darwin-arm64
    • Mac Designed for iPad (desktop) • mac-designed-for-ipad                • darwin         • macOS 15.1.1 24B91 darwin-arm64
    • Chrome (web)                    • chrome                               • web-javascript • Google Chrome 131.0.6778.205

[✓] Network resources
    • All expected network resources are available.

! Doctor found issues in 1 category.
```
